// Jest Snapshot v1, https://goo.gl/fbAQLP

exports[`Calendar Should render component correctly. 1`] = `
<nav
  class="navbarContainer primary"
  role="navigation"
>
  <ul
    class="listContainer"
  >
    <li
      class="primary NavbarItemContainer"
    >
      <a
        class="navbarItemLinkContainer"
        href="https://github.com/JordanUrbaezLu/-ui-library"
      >
        Github
      </a>
    </li>
  </ul>
</nav>
`;
