// Jest Snapshot v1, https://goo.gl/fbAQLP

exports[`AstroCalendar Should render component correctly. 1`] = `
<nav
  class="astroNavbarContainer primary"
>
  <a
    class="astroNavbarLogoContainer"
    href="#"
  >
    <img
      class="astroNavbarLogo primary"
    />
  </a>
  <ul
    class="listContainer"
  />
</nav>
`;
