// Jest Snapshot v1, https://goo.gl/fbAQLP

exports[`AstroCalendar Should render component correctly. 1`] = `
<nav
  class="astroNavbarContainer primary"
  role="navigation"
>
  <ul
    class="listContainer"
  >
    <li
      class="primary astroNavbarItemContainer"
    >
      <a
        class="astroNavbarItemLinkContainer"
        href="https://github.com/JordanUrbaezLu/astro-ui-library"
      >
        Github
      </a>
    </li>
  </ul>
</nav>
`;
