// Jest Snapshot v1, https://goo.gl/fbAQLP

exports[`Select Should render component correctly. 1`] = `
<div
  class="selectContainer"
>
  <div
    class="container"
  >
    <div
      class="textFieldContainer"
    >
      <input
        aria-label="textfield"
        class="textField large inputContainer"
        id="void_textfield"
        required=""
        spellcheck="false"
        type="text"
        value=""
      />
    </div>
  </div>
  <svg
    class="icon"
    fill="currentColor"
    height="1em"
    stroke="currentColor"
    stroke-width="0"
    viewBox="0 0 512 512"
    width="1em"
    xmlns="http://www.w3.org/2000/svg"
  >
    <path
      d="M112 184l144 144 144-144"
      fill="none"
      stroke-linecap="square"
      stroke-miterlimit="10"
      stroke-width="48"
    />
  </svg>
</div>
`;
