// Jest Snapshot v1, https://goo.gl/fbAQLP

exports[`Popover Should render component correctly. 1`] = `
<div
  class="container"
>
  <button
    role="button"
    tabindex="0"
  >
    Button
  </button>
  <div
    class="popoverLayoutContainer"
    style="transform: translate3d(0px, 5px, 0);"
  >
    <div
      class="popover bottom"
    >
      Popover
    </div>
  </div>
</div>
`;
