// Jest Snapshot v1, https://goo.gl/fbAQLP

exports[`Menu Should render component correctly. 1`] = `
<span
  class="bottom container"
>
  <div
    class="react-ripples mediumRipple"
    style="position: relative; display: inline-flex; overflow: hidden;"
  >
    <button
      class="isOpen trigger button medium primary"
      role="button"
      tabindex="0"
      type="button"
    >
      Trigger
    </button>
    <s
      style="position: absolute; border-radius: 50%; opacity: 0; width: 35px; height: 35px; transform: translate(-50%, -50%); pointer-events: none;"
    />
  </div>
  <div
    class="bottom layoutContainer"
    style="transform: translate3d(0px, 2px, 0);"
  >
    <div
      class="baseMenu"
    >
      <div
        role="menu"
      >
        <div
          class="menuItemContainer"
          role="menuitem"
          tabindex="0"
        >
          One
        </div>
      </div>
    </div>
  </div>
</span>
`;
