// Jest Snapshot v1, https://goo.gl/fbAQLP

exports[`Popup Should render component correctly. 1`] = `
<div
  class="container"
>
  <button
    role="button"
    tabindex="0"
  >
    Button
  </button>
  <div
    class="popupLayoutContainer"
    style="transform: translate3d(0px, 5px, 0);"
  >
    <div
      class="popup bottom"
      role="tooltip"
    >
      Popup
    </div>
  </div>
</div>
`;
