// Jest Snapshot v1, https://goo.gl/fbAQLP

exports[`Switch Should render component correctly. 1`] = `
<button
  aria-checked="true"
  class="switchPill on"
  role="switch"
  type="button"
>
  <span
    class="switchIndicator on"
  />
  <div
    class="switchLabel on typography typographyh2 primary normal"
  >
     Switch Label
  </div>
</button>
`;
